# github.com/cypherium/cypher/cmd/devp2p
cmd/devp2p/dns_route53.go:26:2: cannot find package "github.com/aws/aws-sdk-go/aws" in any of:
	/root/go/src/github.com/cypherium/cypher/vendor/github.com/aws/aws-sdk-go/aws (vendor tree)
	/usr/local/go/src/github.com/aws/aws-sdk-go/aws (from $GOROOT)
	/root/go/src/github.com/aws/aws-sdk-go/aws (from $GOPATH)
# github.com/cypherium/cypher/cmd/devp2p
cmd/devp2p/dns_route53.go:27:2: cannot find package "github.com/aws/aws-sdk-go/aws/credentials" in any of:
	/root/go/src/github.com/cypherium/cypher/vendor/github.com/aws/aws-sdk-go/aws/credentials (vendor tree)
	/usr/local/go/src/github.com/aws/aws-sdk-go/aws/credentials (from $GOROOT)
	/root/go/src/github.com/aws/aws-sdk-go/aws/credentials (from $GOPATH)
# github.com/cypherium/cypher/cmd/devp2p
cmd/devp2p/dns_route53.go:28:2: cannot find package "github.com/aws/aws-sdk-go/aws/session" in any of:
	/root/go/src/github.com/cypherium/cypher/vendor/github.com/aws/aws-sdk-go/aws/session (vendor tree)
	/usr/local/go/src/github.com/aws/aws-sdk-go/aws/session (from $GOROOT)
	/root/go/src/github.com/aws/aws-sdk-go/aws/session (from $GOPATH)
# github.com/cypherium/cypher/cmd/devp2p
cmd/devp2p/dns_route53.go:29:2: cannot find package "github.com/aws/aws-sdk-go/service/route53" in any of:
	/root/go/src/github.com/cypherium/cypher/vendor/github.com/aws/aws-sdk-go/service/route53 (vendor tree)
	/usr/local/go/src/github.com/aws/aws-sdk-go/service/route53 (from $GOROOT)
	/root/go/src/github.com/aws/aws-sdk-go/service/route53 (from $GOPATH)
# github.com/cypherium/cypher/cmd/devp2p
cmd/devp2p/dns_cloudflare.go:23:2: cannot find package "github.com/cloudflare/cloudflare-go" in any of:
	/root/go/src/github.com/cypherium/cypher/vendor/github.com/cloudflare/cloudflare-go (vendor tree)
	/usr/local/go/src/github.com/cloudflare/cloudflare-go (from $GOROOT)
	/root/go/src/github.com/cloudflare/cloudflare-go (from $GOPATH)
FAIL	github.com/cypherium/cypher/cmd/devp2p [setup failed]
# github.com/cypherium/cypher/cmd/evm
cmd/evm/internal/t8ntool/flags.go:24:2: cannot find package "github.com/cypherium/cypher/tests" in any of:
	/root/go/src/github.com/cypherium/cypher/vendor/github.com/cypherium/cypher/tests (vendor tree)
	/usr/local/go/src/github.com/cypherium/cypher/tests (from $GOROOT)
	/root/go/src/github.com/cypherium/cypher/tests (from $GOPATH)
FAIL	github.com/cypherium/cypher/cmd/evm [setup failed]
# github.com/cypherium/cypher/cmd/evm/internal/t8ntool
cmd/evm/internal/t8ntool/flags.go:24:2: cannot find package "github.com/cypherium/cypher/tests" in any of:
	/root/go/src/github.com/cypherium/cypher/vendor/github.com/cypherium/cypher/tests (vendor tree)
	/usr/local/go/src/github.com/cypherium/cypher/tests (from $GOROOT)
	/root/go/src/github.com/cypherium/cypher/tests (from $GOPATH)
FAIL	github.com/cypherium/cypher/cmd/evm/internal/t8ntool [setup failed]
# github.com/cypherium/cypher/cmd/faucet
cmd/faucet/faucet.go:55:2: cannot find package "github.com/cypherium/cypher/les" in any of:
	/root/go/src/github.com/cypherium/cypher/vendor/github.com/cypherium/cypher/les (vendor tree)
	/usr/local/go/src/github.com/cypherium/cypher/les (from $GOROOT)
	/root/go/src/github.com/cypherium/cypher/les (from $GOPATH)
FAIL	github.com/cypherium/cypher/cmd/faucet [setup failed]
# github.com/cypherium/cypher/cmd/tools
cmd/tools/auto.go:11:2: cannot find package "github.com/cypherium/cypherBFT/common" in any of:
	/root/go/src/github.com/cypherium/cypher/vendor/github.com/cypherium/cypherBFT/common (vendor tree)
	/usr/local/go/src/github.com/cypherium/cypherBFT/common (from $GOROOT)
	/root/go/src/github.com/cypherium/cypherBFT/common (from $GOPATH)
# github.com/cypherium/cypher/cmd/tools
cmd/tools/auto.go:12:2: cannot find package "github.com/cypherium/cypherBFT/common/hexutil" in any of:
	/root/go/src/github.com/cypherium/cypher/vendor/github.com/cypherium/cypherBFT/common/hexutil (vendor tree)
	/usr/local/go/src/github.com/cypherium/cypherBFT/common/hexutil (from $GOROOT)
	/root/go/src/github.com/cypherium/cypherBFT/common/hexutil (from $GOPATH)
# github.com/cypherium/cypher/cmd/tools
cmd/tools/auto.go:13:2: cannot find package "github.com/cypherium/cypherBFT/rpc" in any of:
	/root/go/src/github.com/cypherium/cypher/vendor/github.com/cypherium/cypherBFT/rpc (vendor tree)
	/usr/local/go/src/github.com/cypherium/cypherBFT/rpc (from $GOROOT)
	/root/go/src/github.com/cypherium/cypherBFT/rpc (from $GOPATH)
FAIL	github.com/cypherium/cypher/cmd/tools [setup failed]
# github.com/cypherium/cypher/crypto/ecc25519
crypto/ecc25519/extra25519.go:9:2: cannot find package "github.com/cypherium/cypher/crypto/edwards25519" in any of:
	/root/go/src/github.com/cypherium/cypher/vendor/github.com/cypherium/cypher/crypto/edwards25519 (vendor tree)
	/usr/local/go/src/github.com/cypherium/cypher/crypto/edwards25519 (from $GOROOT)
	/root/go/src/github.com/cypherium/cypher/crypto/edwards25519 (from $GOPATH)
FAIL	github.com/cypherium/cypher/crypto/ecc25519 [setup failed]
# github.com/cypherium/cypher/eth/tracers
cmd/evm/internal/t8ntool/flags.go:24:2: cannot find package "github.com/cypherium/cypher/tests" in any of:
	/root/go/src/github.com/cypherium/cypher/vendor/github.com/cypherium/cypher/tests (vendor tree)
	/usr/local/go/src/github.com/cypherium/cypher/tests (from $GOROOT)
	/root/go/src/github.com/cypherium/cypher/tests (from $GOPATH)
FAIL	github.com/cypherium/cypher/eth/tracers [setup failed]
# github.com/cypherium/cypher/node
node/node_test.go:34:2: cannot find package "github.com/cypherium/cypher/plugin" in any of:
	/root/go/src/github.com/cypherium/cypher/vendor/github.com/cypherium/cypher/plugin (vendor tree)
	/usr/local/go/src/github.com/cypherium/cypher/plugin (from $GOROOT)
	/root/go/src/github.com/cypherium/cypher/plugin (from $GOPATH)
FAIL	github.com/cypherium/cypher/node [setup failed]
# github.com/cypherium/cypher/node/node
node/node/colossusx_protocol.go:4:2: cannot find package "github.com/cypherium/cypher/consensus/colossusx" in any of:
	/root/go/src/github.com/cypherium/cypher/vendor/github.com/cypherium/cypher/consensus/colossusx (vendor tree)
	/usr/local/go/src/github.com/cypherium/cypher/consensus/colossusx (from $GOROOT)
	/root/go/src/github.com/cypherium/cypher/consensus/colossusx (from $GOPATH)
FAIL	github.com/cypherium/cypher/node/node [setup failed]
?   	github.com/cypherium/cypher	[no test files]
# github.com/cypherium/cypher/accounts/abi/bind/backends
accounts/abi/bind/backends/simulated.go:82:109: not enough arguments in call to core.NewBlockChain
	have (ethdb.Database, nil, *params.ChainConfig, *colossusX.colossusX, vm.Config, nil, nil)
	want (ethdb.Database, *core.CacheConfig, *params.ChainConfig, consensus.Engine, vm.Config, func(block *types.Block) bool, *uint64, *core.KeyBlockChain)
accounts/abi/bind/backends/simulated.go:88:38: cannot use &filterBackend{…} (value of type *filterBackend) as filters.Backend value in argument to filters.NewEventSystem: *filterBackend does not implement filters.Backend (missing method SubscribeKeyChainHeadEvent)
accounts/abi/bind/backends/simulated.go:128:19: assignment mismatch: 3 variables but b.blockchain.State returns 2 values
accounts/abi/bind/backends/simulated.go:157:18: assignment mismatch: 3 variables but b.blockchain.State returns 2 values
accounts/abi/bind/backends/simulated.go:390:19: assignment mismatch: 3 variables but b.blockchain.State returns 2 values
accounts/abi/bind/backends/simulated.go:560:98: undefined: bind.PrivateTxArgs
accounts/abi/bind/backends/simulated.go:579:19: assignment mismatch: 3 variables but b.blockchain.State returns 2 values
accounts/abi/bind/backends/simulated.go:594:35: cannot use &filterBackend{…} (value of type *filterBackend) as filters.Backend value in argument to filters.NewBlockFilter: *filterBackend does not implement filters.Backend (missing method SubscribeKeyChainHeadEvent)
accounts/abi/bind/backends/simulated.go:606:35: cannot use &filterBackend{…} (value of type *filterBackend) as filters.Backend value in argument to filters.NewRangeFilter: *filterBackend does not implement filters.Backend (missing method SubscribeKeyChainHeadEvent)
accounts/abi/bind/backends/simulated.go:790:100: undefined: vm.AccountExtraDataStateGetter
accounts/abi/bind/backends/simulated.go:128:19: too many errors
ok  	github.com/cypherium/cypher/accounts	(cached)
# github.com/cypherium/cypher/accounts/abi
# [github.com/cypherium/cypher/accounts/abi]
accounts/abi/unpack_test.go:914:13: non-constant format string in call to (*testing.common).Fatalf
# github.com/cypherium/cypher/accounts/keystore [github.com/cypherium/cypher/accounts/keystore.test]
accounts/keystore/plain_test.go:52:51: not enough arguments in call to storeNewKey
	have (keyStore, io.Reader, string)
	want (keyStore, io.Reader, string, string)
accounts/keystore/plain_test.go:73:51: not enough arguments in call to storeNewKey
	have (keyStore, io.Reader, string)
	want (keyStore, io.Reader, string, string)
accounts/keystore/plain_test.go:94:51: not enough arguments in call to storeNewKey
	have (keyStore, io.Reader, string)
	want (keyStore, io.Reader, string, string)
accounts/keystore/plain_test.go:209:23: assignment mismatch: 3 variables but decryptKeyV3 returns 4 values
accounts/keystore/plain_test.go:220:23: assignment mismatch: 3 variables but decryptKeyV1 returns 4 values
# github.com/cypherium/cypher/cmd/checkpoint-admin
cmd/checkpoint-admin/exec.go:108:24: undefined: newClefSigner
cmd/checkpoint-admin/exec.go:305:39: undefined: newClefSigner
FAIL	github.com/cypherium/cypher/accounts/abi [build failed]
?   	github.com/cypherium/cypher/accounts/abi/bind	[no test files]
FAIL	github.com/cypherium/cypher/accounts/abi/bind/backends [build failed]
FAIL	github.com/cypherium/cypher/accounts/keystore [build failed]
?   	github.com/cypherium/cypher/cmd/abigen	[no test files]
?   	github.com/cypherium/cypher/cmd/bootnode	[no test files]
FAIL	github.com/cypherium/cypher/cmd/checkpoint-admin [build failed]
ok  	github.com/cypherium/cypher/cmd/cypher	(cached) [no tests to run]
?   	github.com/cypherium/cypher/cmd/devp2p/internal/v4test	[no test files]
--- FAIL: TestMessageSignVerify (0.12s)
    test_cmd.go:112: output mismatch at ◊:
        ---------------- (stdout text)
        ◊Password: 
        Repeat password: 
        Address: 0xa99F4B8c2a71881E489B075fD6Cb8519F55F38e
        ---------------- (expected text)
        !! Unsupported terminal, password will be echoed.
        Password: 
        Repeat password: 
        
FAIL
FAIL	github.com/cypherium/cypher/cmd/ethkey	0.181s
?   	github.com/cypherium/cypher/cmd/evm/internal/compiler	[no test files]
?   	github.com/cypherium/cypher/cmd/p2psim	[no test files]
?   	github.com/cypherium/cypher/cmd/utils	[no test files]
ok  	github.com/cypherium/cypher/common	(cached)
ok  	github.com/cypherium/cypher/common/bitutil	(cached)
ok  	github.com/cypherium/cypher/common/compiler	(cached)
ok  	github.com/cypherium/cypher/common/fdlimit	(cached)
ok  	github.com/cypherium/cypher/common/hexutil	(cached)
ok  	github.com/cypherium/cypher/common/http	(cached)
ok  	github.com/cypherium/cypher/common/math	(cached)
ok  	github.com/cypherium/cypher/common/mclock	(cached)
ok  	github.com/cypherium/cypher/common/prque	(cached)
?   	github.com/cypherium/cypher/consensus	[no test files]
?   	github.com/cypherium/cypher/consensus/clique	[no test files]
?   	github.com/cypherium/cypher/consensus/colossusX	[no test files]
?   	github.com/cypherium/cypher/consensus/ethash	[no test files]
?   	github.com/cypherium/cypher/consensus/misc	[no test files]
ok  	github.com/cypherium/cypher/console	(cached)
?   	github.com/cypherium/cypher/console/prompt	[no test files]
FAIL	github.com/cypherium/cypher/contracts/checkpointoracle [build failed]
?   	github.com/cypherium/cypher/contracts/checkpointoracle/contract	[no test files]
?   	github.com/cypherium/cypher/core	[no test files]
ok  	github.com/cypherium/cypher/core/asm	(cached)
ok  	github.com/cypherium/cypher/core/bloombits	(cached)
--- FAIL: TestCreation (0.00s)
    forkid_test.go:122: test 0, case 0: fork ID mismatch: have {5705bf8f 0}, want {fc64ec04 118c30}
    forkid_test.go:122: test 0, case 1: fork ID mismatch: have {5705bf8f 0}, want {fc64ec04 118c30}
    forkid_test.go:122: test 0, case 2: fork ID mismatch: have {5705bf8f 0}, want {97c2c34c 1d4c00}
    forkid_test.go:122: test 0, case 3: fork ID mismatch: have {5705bf8f 0}, want {97c2c34c 1d4c00}
    forkid_test.go:122: test 0, case 4: fork ID mismatch: have {5705bf8f 0}, want {91d1f948 259518}
    forkid_test.go:122: test 0, case 5: fork ID mismatch: have {5705bf8f 0}, want {91d1f948 259518}
    forkid_test.go:122: test 0, case 6: fork ID mismatch: have {5705bf8f 0}, want {7a64da13 28d138}
    forkid_test.go:122: test 0, case 7: fork ID mismatch: have {5705bf8f 0}, want {7a64da13 28d138}
    forkid_test.go:122: test 0, case 8: fork ID mismatch: have {5705bf8f 0}, want {3edd5b10 42ae50}
    forkid_test.go:122: test 0, case 9: fork ID mismatch: have {5705bf8f 0}, want {3edd5b10 42ae50}
    forkid_test.go:122: test 0, case 10: fork ID mismatch: have {5705bf8f 0}, want {a00bc324 6f1580}
    forkid_test.go:122: test 0, case 11: fork ID mismatch: have {5705bf8f 0}, want {a00bc324 6f1580}
    forkid_test.go:122: test 0, case 12: fork ID mismatch: have {5705bf8f 0}, want {668db0af 8a61c8}
    forkid_test.go:122: test 0, case 13: fork ID mismatch: have {5705bf8f 0}, want {668db0af 8a61c8}
    forkid_test.go:122: test 0, case 14: fork ID mismatch: have {5705bf8f 0}, want {879d6e30 8c6180}
    forkid_test.go:122: test 0, case 15: fork ID mismatch: have {5705bf8f 0}, want {879d6e30 8c6180}
    forkid_test.go:122: test 0, case 16: fork ID mismatch: have {5705bf8f 0}, want {e029e991 0}
    forkid_test.go:122: test 0, case 17: fork ID mismatch: have {5705bf8f 0}, want {e029e991 0}
    forkid_test.go:122: test 1, case 0: fork ID mismatch: have {04e4bab1 0}, want {30c7ddbc a}
    forkid_test.go:122: test 1, case 1: fork ID mismatch: have {04e4bab1 0}, want {30c7ddbc a}
    forkid_test.go:122: test 1, case 2: fork ID mismatch: have {04e4bab1 0}, want {63760190 19f0a0}
    forkid_test.go:122: test 1, case 3: fork ID mismatch: have {04e4bab1 0}, want {63760190 19f0a0}
    forkid_test.go:122: test 1, case 4: fork ID mismatch: have {04e4bab1 0}, want {3ea159c7 408b70}
    forkid_test.go:122: test 1, case 5: fork ID mismatch: have {04e4bab1 0}, want {3ea159c7 408b70}
    forkid_test.go:122: test 1, case 6: fork ID mismatch: have {04e4bab1 0}, want {97b544f3 4b5e82}
    forkid_test.go:122: test 1, case 7: fork ID mismatch: have {04e4bab1 0}, want {97b544f3 4b5e82}
    forkid_test.go:122: test 1, case 8: fork ID mismatch: have {04e4bab1 0}, want {d6e2149b 62f756}
    forkid_test.go:122: test 1, case 9: fork ID mismatch: have {04e4bab1 0}, want {d6e2149b 62f756}
    forkid_test.go:122: test 1, case 10: fork ID mismatch: have {04e4bab1 0}, want {4bc66396 6c993d}
    forkid_test.go:122: test 1, case 11: fork ID mismatch: have {04e4bab1 0}, want {4bc66396 6c993d}
    forkid_test.go:122: test 1, case 12: fork ID mismatch: have {04e4bab1 0}, want {6727ef90 0}
    forkid_test.go:122: test 1, case 13: fork ID mismatch: have {04e4bab1 0}, want {6727ef90 0}
    forkid_test.go:122: test 2, case 3: fork ID mismatch: have {cb3a64bb 67}, want {cb3a64bb fcc25}
    forkid_test.go:122: test 2, case 4: fork ID mismatch: have {8cf6af52 0}, want {cb3a64bb fcc25}
    forkid_test.go:122: test 2, case 5: fork ID mismatch: have {8cf6af52 0}, want {8d748b57 37db77}
    forkid_test.go:122: test 2, case 6: fork ID mismatch: have {8cf6af52 0}, want {8d748b57 37db77}
    forkid_test.go:122: test 2, case 7: fork ID mismatch: have {8cf6af52 0}, want {e49cab14 41efd2}
    forkid_test.go:122: test 2, case 8: fork ID mismatch: have {8cf6af52 0}, want {e49cab14 41efd2}
    forkid_test.go:122: test 2, case 9: fork ID mismatch: have {8cf6af52 0}, want {afec6b27 52efd1}
    forkid_test.go:122: test 2, case 10: fork ID mismatch: have {8cf6af52 0}, want {afec6b27 52efd1}
    forkid_test.go:122: test 2, case 11: fork ID mismatch: have {8cf6af52 0}, want {cbdb8838 0}
    forkid_test.go:122: test 2, case 12: fork ID mismatch: have {8cf6af52 0}, want {cbdb8838 0}
    forkid_test.go:122: test 3, case 0: fork ID mismatch: have {a3f5ab08 9c}, want {a3f5ab08 17d433}
    forkid_test.go:122: test 3, case 1: fork ID mismatch: have {780af1cb 0}, want {a3f5ab08 17d433}
    forkid_test.go:122: test 3, case 2: fork ID mismatch: have {780af1cb 0}, want {c25efa5c 0}
    forkid_test.go:122: test 3, case 3: fork ID mismatch: have {780af1cb 0}, want {c25efa5c 0}
--- FAIL: TestValidation (0.00s)
    forkid_test.go:201: test 0: validation error mismatch: have local incompatible or needs update, want <nil>
    forkid_test.go:201: test 1: validation error mismatch: have local incompatible or needs update, want <nil>
    forkid_test.go:201: test 2: validation error mismatch: have local incompatible or needs update, want <nil>
    forkid_test.go:201: test 3: validation error mismatch: have local incompatible or needs update, want <nil>
    forkid_test.go:201: test 4: validation error mismatch: have local incompatible or needs update, want <nil>
    forkid_test.go:201: test 5: validation error mismatch: have local incompatible or needs update, want <nil>
    forkid_test.go:201: test 6: validation error mismatch: have local incompatible or needs update, want <nil>
    forkid_test.go:201: test 7: validation error mismatch: have local incompatible or needs update, want <nil>
    forkid_test.go:201: test 8: validation error mismatch: have local incompatible or needs update, want <nil>
    forkid_test.go:201: test 9: validation error mismatch: have local incompatible or needs update, want remote needs update
FAIL
FAIL	github.com/cypherium/cypher/core/forkid	0.040s
?   	github.com/cypherium/cypher/core/rawdb	[no test files]
?   	github.com/cypherium/cypher/core/state	[no test files]
ok  	github.com/cypherium/cypher/core/state/snapshot	(cached)
ok  	github.com/cypherium/cypher/core/types	(cached)
?   	github.com/cypherium/cypher/core/vm	[no test files]
# github.com/cypherium/cypher/crypto/bech32
# [github.com/cypherium/cypher/crypto/bech32]
crypto/bech32/bech32_test.go:296:27: conversion from untyped int to string yields a string of one rune, not a string of digits
crypto/bech32/bech32_test.go:302:27: conversion from untyped int to string yields a string of one rune, not a string of digits
crypto/bech32/bech32_test.go:355:8: conversion from untyped int to string yields a string of one rune, not a string of digits
crypto/bech32/bech32_test.go:355:21: conversion from untyped int to string yields a string of one rune, not a string of digits
crypto/bech32/bech32_test.go:363:8: conversion from untyped int to string yields a string of one rune, not a string of digits
crypto/bech32/bech32_test.go:371:14: conversion from untyped int to string yields a string of one rune, not a string of digits
?   	github.com/cypherium/cypher/core/vm/runtime	[no test files]
ok  	github.com/cypherium/cypher/crypto	(cached)
FAIL	github.com/cypherium/cypher/crypto/bech32 [build failed]
ok  	github.com/cypherium/cypher/crypto/blake2b	(cached)
ok  	github.com/cypherium/cypher/crypto/bls	(cached)
ok  	github.com/cypherium/cypher/crypto/bls12381	(cached)
?   	github.com/cypherium/cypher/crypto/bn256	[no test files]
ok  	github.com/cypherium/cypher/crypto/bn256/cloudflare	(cached)
ok  	github.com/cypherium/cypher/crypto/bn256/google	(cached)
ok  	github.com/cypherium/cypher/crypto/ecies	(cached)
ok  	github.com/cypherium/cypher/crypto/secp256k1	(cached)
?   	github.com/cypherium/cypher/eth	[no test files]
# github.com/cypherium/cypher/eth/gasprice [github.com/cypherium/cypher/eth/gasprice.test]
eth/gasprice/gasprice_test.go:84:98: not enough arguments in call to core.NewBlockChain
	have (ethdb.Database, nil, *params.ChainConfig, *colossusX.colossusX, vm.Config, nil, nil)
	want (ethdb.Database, *core.CacheConfig, *params.ChainConfig, consensus.Engine, vm.Config, func(block *types.Block) bool, *uint64, *core.KeyBlockChain)
ok  	github.com/cypherium/cypher/eth/downloader	(cached)
?   	github.com/cypherium/cypher/eth/fetcher	[no test files]
?   	github.com/cypherium/cypher/eth/filters	[no test files]
FAIL	github.com/cypherium/cypher/eth/gasprice [build failed]
?   	github.com/cypherium/cypher/eth/tracers/internal/tracers	[no test files]
?   	github.com/cypherium/cypher/ethclient	[no test files]
?   	github.com/cypherium/cypher/ethdb	[no test files]
?   	github.com/cypherium/cypher/ethdb/dbtest	[no test files]
ok  	github.com/cypherium/cypher/ethdb/leveldb	(cached)
ok  	github.com/cypherium/cypher/ethdb/memorydb	(cached)
?   	github.com/cypherium/cypher/ethstats	[no test files]
ok  	github.com/cypherium/cypher/event	(cached)
?   	github.com/cypherium/cypher/internal/build	[no test files]
?   	github.com/cypherium/cypher/internal/cmdtest	[no test files]
?   	github.com/cypherium/cypher/internal/debug	[no test files]
?   	github.com/cypherium/cypher/internal/ethapi	[no test files]
?   	github.com/cypherium/cypher/internal/flags	[no test files]
# github.com/cypherium/cypher/metrics
# [github.com/cypherium/cypher/metrics]
metrics/json_test.go:16:12: non-constant format string in call to (*testing.common).Fatalf
# github.com/cypherium/cypher/p2p [github.com/cypherium/cypher/p2p.test]
p2p/peer_test.go:90:37: undefined: randomID
p2p/peer_test.go:90:65: undefined: newTestTransport
p2p/peer_test.go:90:83: undefined: newkey
p2p/peer_test.go:91:37: undefined: randomID
p2p/peer_test.go:91:65: undefined: newTestTransport
p2p/peer_test.go:91:83: undefined: newkey
p2p/peer_test.go:245:8: undefined: randomID
# github.com/cypherium/cypher/p2p/discover [github.com/cypherium/cypher/p2p/discover.test]
p2p/discover/v5_udp_test.go:474:23: undefined: dgramPipe
p2p/discover/v5_udp_test.go:539:15: undefined: newpipe
p2p/discover/v4_lookup_test.go:34:10: undefined: newUDPTest
p2p/discover/v4_lookup_test.go:69:10: undefined: newUDPTest
p2p/discover/v4_lookup_test.go:104:10: undefined: newUDPTest
p2p/discover/v4_lookup_test.go:137:25: undefined: udpTest
p2p/discover/v4_lookup_test.go:143:62: undefined: futureExp
p2p/discover/v4_lookup_test.go:147:67: undefined: futureExp
# github.com/cypherium/cypher/p2p/enode [github.com/cypherium/cypher/p2p/enode.test]
p2p/enode/nodedb_test.go:179:4: undefined: hexPubkey
p2p/enode/nodedb_test.go:190:4: undefined: hexPubkey
p2p/enode/nodedb_test.go:201:4: undefined: hexPubkey
p2p/enode/nodedb_test.go:210:4: undefined: hexPubkey
p2p/enode/nodedb_test.go:219:4: undefined: hexPubkey
p2p/enode/nodedb_test.go:228:4: undefined: hexPubkey
p2p/enode/nodedb_test.go:237:4: undefined: hexPubkey
p2p/enode/nodedb_test.go:344:4: undefined: hexPubkey
p2p/enode/nodedb_test.go:356:4: undefined: hexPubkey
p2p/enode/nodedb_test.go:368:4: undefined: hexPubkey
p2p/enode/nodedb_test.go:368:4: too many errors
# github.com/cypherium/cypher/signer/core_test [github.com/cypherium/cypher/signer/core.test]
signer/core/signed_data_test.go:183:18: undefined: setup
signer/core/signed_data_test.go:185:2: undefined: createAccount
signer/core/signed_data_test.go:186:2: undefined: createAccount
